// Jest Snapshot v1, https://goo.gl/fbAQLP

exports[`Home component renders correctly 1`] = `
<div
  className="home-content"
>
  <h2>
    Let's Do Some Calculations!
  </h2>
  <div
    className="calc-quote"
  >
    The only equitable manner in my opinion, of judging the character of a man is to examine if there are personal calculations in his conduct; if there are not, we may blame his manner of judging, but we are not the less bound to esteem him.
    <br />
    - Madame de Stael
  </div>
</div>
`;

exports[`Home renders 1`] = `
<div
  className="home-content"
>
  <h2>
    Let's Do Some Calculations!
  </h2>
  <div
    className="calc-quote"
  >
    The only equitable manner in my opinion, of judging the character of a man is to examine if there are personal calculations in his conduct; if there are not, we may blame his manner of judging, but we are not the less bound to esteem him.
    <br />
    - Madame de Stael
  </div>
</div>
`;
